22:38:57 **** Incremental Build of configuration Debug for project task_scheduler ****
make -j16 all 
arm-none-eabi-gcc "../Core/Src/main.c" -mcpu=cortex-m3 -std=gnu11 -g3 -DDEBUG -DUSE_HAL_DRIVER -DSTM32F103xB -c -I../Core/Inc -I../Drivers/STM32F1xx_HAL_Driver/Inc/Legacy -I../Drivers/STM32F1xx_HAL_Driver/Inc -I../Drivers/CMSIS/Device/ST/STM32F1xx/Include -I../Drivers/CMSIS/Include -O0 -ffunction-sections -fdata-sections -Wall -fstack-usage -fcyclomatic-complexity -MMD -MP -MF"Core/Src/main.d" -MT"Core/Src/main.o" --specs=nano.specs -mfloat-abi=soft -mthumb -o "Core/Src/main.o"
arm-none-eabi-gcc -o "task_scheduler.elf" @"objects.list"   -mcpu=cortex-m3 -T"D:\Development and Coding\STM32\Task_Scheduler\task_scheduler\STM32F103C8TX_FLASH.ld" --specs=nosys.specs -Wl,-Map="task_scheduler.map" -Wl,--gc-sections -static --specs=nano.specs -mfloat-abi=soft -mthumb -Wl,--start-group -lc -lm -Wl,--end-group
Finished building target: task_scheduler.elf
 
arm-none-eabi-size  task_scheduler.elf 
arm-none-eabi-objdump -h -S task_scheduler.elf  > "task_scheduler.list"
   text	   data	    bss	    dec	    hex	filename
   5680	     16	   5768	  11464	   2cc8	task_scheduler.elf
Finished building: default.size.stdout
 
Finished building: task_scheduler.list
 
22:39:00 **** Incremental Build of configuration Debug for project task_scheduler ****
make -j16 all 
arm-none-eabi-size  task_scheduler.elf 
   text	   data	    bss	    dec	    hex	filename
   5680	     16	   5768	  11464	   2cc8	task_scheduler.elf
Finished building: default.size.stdout
 
